A NEVE BRANCA BRILHANDO NO CHAO
SEM PEGADAS PRA SEGUIR
UM REINO DE ISOLAMENTO
E A RAINHA ESTA AQUI
A TEMPESTADE VEM CHEGANDO E JA NAO SEI
NAO CONSEGUI CONTER BEM QUE EU TENTEI
NAO PODEM VIR NAO PODEM VER
SEMPRE A BOA MENINA DEVE SER
ENCOBRIR NAO SENTIR
NUNCA SABERAO
MAS AGORA VAO
LIVRE ESTOU LIVRE ESTOU
NAO POSSO MAIS SEGURAR
LIVRE ESTOU LIVRE ESTOU
EU SAI PRA NAO VOLTAR
NAO ME IMPORTA O QUE VAO FALAR
TEMPESTADE VEM
O FRIO NAO VAI MESMO ME INCOMODAR
DE LONGE TUDO MUDA
PARECE SER BEM MENOR
OS MEDOS QUE ME CONTROLAVAM
NAO VEJO AO MEU REDOR
E HORA DE EXPERIMENTAR
OS MEUS LIMITES VOU TESTAR
A LIBERDADE VEIO ENFIM
PRA MIM
LIVRE ESTOU LIVRE ESTOU
COM O CEU E O VENTO ANDAR
LIVRE ESTOU LIVRE ESTOU
NAO VAO ME VER CHORAR
AQUI ESTOU EU
E VOU FICAR
TEMPESTADE VEM
O MEU PODER ENVOLVE O AR E VAI AO CHAO
DA MINHA ALMA FLUI EM FRACTAIS DE GELO EM PROFUSAO
UM PENSAMENTO SE TRANSFORMA EM CRISTAIS
NAO VOU ME ARREPENDER DO QUE FICOU PRA TRAS
LIVRE ESTOU LIVRE ESTOU
COM O SOL VOU ME LEVANTAR
LIVRE ESTOU LIVRE ESTOU
E TEMPO DE MUDAR
AQUI ESTOU EU
VENDO A LUZ BRILHAR
TEMPESTADE VEM
O FRIO NAO VAI MESMO ME INCOMODAR