VOCE QUER BRINCAR NA NEVE
UM BONECO QUER FAZER
VOCE PODIA ME OUVIR E A PORTA ABRIR
EU QUERO SO TE VER
NOS ERAMOS AMIGAS DE CORACAO
MAS ISSO ACABOU TAMBEM
VOCE QUER BRINCAR NA NEVE
NAO TEM QUE SER COM UM BONECO
VAI EMBORA ANNA
TUDO BEM
VOCE QUER BRINCAR NA NEVE
DE ALGUMA COISA QUE EU NAO SEI
FAZ TEMPO QUE EU NAO VEJO MAIS NINGUEM
ATE COM OS QUADROS NAS PAREDES JA FALEI
FIRME AI JOANA
E MEIO SOLITARIO TAO VAZIO ASSIM
SO VENDO O RELOGIO ANDAR