AQUELA JANELA DESTRANCOU
E TUDO POR AQUI JA SE ANIMOU
E TEMOS PRATOS PRA 8 MIL PORCOES
VAZIO E SEMPRE ESSE LUGAR
PRA QUE SALAO SE NAO DANCAR
FINALMENTE VAO ABRIR OS PORTOES
VAI TER GENTE DE VERDADE
EU VOU ATE ESTRANHAR
MAS COMO EU ESTOU PRONTA PRA MUDAR
POR UMA VEZ NA ETERNIDADE
ESSAS LUZES VAO BRILHAR
POR UMA VEZ NA ETERNIDADE
A NOITE INTEIRA VOU DANCAR
NAO SEI SE E EMOCAO OU SAO GASES
MAS ASSIM E BEM MELHOR
POR UMA VEZ NA ETERNIDADE
EU NAO VOU ESTAR SO
VOU TER UMA NOITE DE GALA E TAL
EM UM VESTIDO ESPECIAL
COM GRACA E MUITA SOFISTICACAO UH
ENTAO DE REPENTE EU VEJO ALGUEM
ESBELTO E BONITO ALI TAMBEM
ME ENCHER DE CHOCOLATE E TENTACAO
DEPOIS OS RISOS E CONVERSAS
BEM DO JEITO QUE EU SONHEI
NADA COMO A VIDA QUE LEVEI
POR UMA VEZ NA ETERNIDADE
HA MAGIA E DIVERSAO
POR UMA VEZ NA ETERNIDADE
VOU ESTENDER A MINHA MAO
E EU SEI QUE E MUITA LOUCURA
POR UM ROMANCE SUSPIRAR
MAS POR UMA VEZ NA ETERNIDADE
AO MENOS VOU TENTAR